// Jest Snapshot v1, https://goo.gl/fbAQLP

exports[`Contact component matches snapshot 1`] = `
<DocumentFragment>
  <div
    class="contact"
    id="contact"
  >
    <div
      class="contact__wrapper"
    >
      <div
        class="contact__main"
      >
        <div
          class="contact__title"
        >
          <h1>
            Send Me A Note
            <span>
              .
            </span>
          </h1>
        </div>
        <div
          class="contact__intro"
        >
          <p>
            I'm open to discussing new opportunities to work together. Feel free to send a note and I'll do my best to get back to you!
          </p>
          <a
            class="cta"
            href="mailto:danibae91@gmail.com?subject=👨‍💻  Hi Danny Let's Work Together!"
            rel="noreferrer noopener"
            target="_blank"
          >
            Say Hello
          </a>
        </div>
      </div>
    </div>
  </div>
</DocumentFragment>
`;
