// Jest Snapshot v1, https://goo.gl/fbAQLP

exports[`Button component matches snapshot 1`] = `
<DocumentFragment>
  <button
    data-testid="button"
  >
    <a
      href="https://google.com"
    >
      Hello World
      <img
        src="https://google.com"
      />
    </a>
  </button>
</DocumentFragment>
`;
