// Jest Snapshot v1, https://goo.gl/fbAQLP

exports[`ProjectCard component matches snapshot 1`] = `
<DocumentFragment>
  <div
    class="projectCard__card"
    data-testid="projectCard"
  >
    <img
      alt="project snapshot"
      src="image"
    />
    <h2>
      Hello World
    </h2>
    <p>
      This is a mock description
    </p>
  </div>
</DocumentFragment>
`;
