// Jest Snapshot v1, https://goo.gl/fbAQLP

exports[`ScrollToTop component matches snapshot 1`] = `<DocumentFragment />`;
