// Jest Snapshot v1, https://goo.gl/fbAQLP

exports[`matches snapshot 1`] = `
<DocumentFragment>
  <div
    class="about"
    id="about"
  >
    <div
      class="about-wrapper"
    >
      <div
        class="about-left"
      >
        <img
          alt="barista"
          src="profile.jpg"
        />
      </div>
      <div
        class="about-right"
      >
        <div
          class="about-title"
        >
          <h3>
            My Story
            <span>
              .
            </span>
          </h3>
        </div>
        <div
          class="about-description"
        >
          <p>
            My journey started in 2020 when I wrote my first line of code, 
            <span>
              Hello World
            </span>
             on an HTML document. This simple, yet powerful line of code was the catalyst to learning web development (courses on HTML, CSS & JavaScript) and thus building my first static website.
          </p>
          <p>
            Fast-forward to today, most of my web development work is with React. I design and develop web apps that provide a rich user interface/experience. I focus on creating clean, functional, scalable, and testable apps.
          </p>
          <p>
            On weekends I spend time tufting cool rugs, crafting home-made boba tea with friends and dreaming about soccer.
          </p>
        </div>
        <div
          class="about-skills"
        >
          <ul>
            <li>
              <img
                alt="html logo"
                src="html5.png"
              />
            </li>
            <li>
              <img
                alt="css logo"
                src="css.png"
              />
            </li>
            <li>
              <img
                alt="javascript logo"
                src="js.png"
              />
            </li>
            <li>
              <img
                alt="react logo"
                src="react.png"
              />
            </li>
            <li>
              <img
                alt="sass logo"
                src="sass.png"
              />
            </li>
            <li>
              <img
                alt="express logo"
                src="express.png"
              />
            </li>
            <li>
              <img
                alt="psql logo"
                src="psql.png"
              />
            </li>
            <li>
              <img
                alt="mongoDB logo"
                src="mongoDB.png"
              />
            </li>
          </ul>
        </div>
      </div>
    </div>
  </div>
</DocumentFragment>
`;
