// Jest Snapshot v1, https://goo.gl/fbAQLP

exports[`matches snapshot 1`] = `
<DocumentFragment>
  <div
    class="navbar undefined"
  >
    <div
      class="navbar-left"
    >
      <a
        class="logo"
        href="#intro"
      >
        db
        <span>
          .
        </span>
      </a>
    </div>
    <div
      class="navbar-right"
    >
      <ul
        class="navbar-links"
      >
        <li>
          <a
            href="#about"
          >
            about
          </a>
        </li>
        <li>
          <a
            href="#projects"
          >
            projects
          </a>
        </li>
        <li>
          <a
            href="#contact"
          >
            contact
          </a>
        </li>
        <li>
          <a
            href="https://drive.google.com/file/d/12SyFoMp7IEL_Vkne9W3Akz5Nt0gB9YvE/view?usp=sharing"
            rel="noopener noreferrer"
            target="_blank"
          >
            resume
          </a>
        </li>
      </ul>
      <div
        class="hamburger"
      >
        <span
          class="line1"
        />
        <span
          class="line2"
        />
        <span
          class="line3"
        />
      </div>
    </div>
  </div>
</DocumentFragment>
`;
