// Jest Snapshot v1, https://goo.gl/fbAQLP

exports[`matches snapshot 1`] = `
<DocumentFragment>
  <div
    class="projects"
    id="projects"
  >
    <div
      class="projects-wrapper"
    >
      <div
        class="card-container"
      >
        <div
          class="image-container"
        >
          <img
            alt="portfolio project showcase"
            src="bobaLife.png"
          />
        </div>
        <div
          class="card-content"
        >
          <div
            class="card-title"
          >
            <h1>
              bobaLife
            </h1>
          </div>
          <div
            class="card-body"
          >
            <p>
              Who enjoys sipping an ice-cold boba milk tea at any time of the day? bobaLife is an e-commerce web app designed for a fictitous boba shop. This app incorporates working cart/checkout process and integration of Stripe mobile payments.
            </p>
          </div>
          <div
            class="btn"
          >
            <button>
              React
            </button>
          </div>
          <div
            class="btn"
          >
            <button>
              Redux
            </button>
          </div>
          <div
            class="btn"
          >
            <button>
              Styled Components
            </button>
          </div>
          <div
            class="btn"
          >
            <button>
              Express
            </button>
          </div>
          <div
            class="btn"
          >
            <button>
              JWT
            </button>
          </div>
          <div
            class="btn"
          >
            <button>
              Stripe-js
            </button>
          </div>
          <div
            class="btn"
          >
            <button>
              MongoDB
            </button>
          </div>
          <div
            class="btn"
          >
            <button>
              Netlify
            </button>
          </div>
          <div
            class="card-footer"
          >
            <a
              href="https://bobalife.netlify.app"
              rel="noreferrer noopener"
              target="_blank"
            >
              Live Site
            </a>
            <a
              href="https://github.com/danveb/bobalife"
              rel="noreferrer noopener"
              target="_blank"
            >
              GitHub Repo
            </a>
          </div>
        </div>
      </div>
      <div
        class="card-container"
      >
        <div
          class="image-container"
        >
          <img
            alt="portfolio project showcase"
            src="asador.png"
          />
        </div>
        <div
          class="card-content"
        >
          <div
            class="card-title"
          >
            <h1>
              asador
            </h1>
          </div>
          <div
            class="card-body"
          >
            <p>
              Ever wondered about asado (barbeque) in Buenos Aires? Asador is all about sharing the joy of the best parrillas (steakhouses). Users are greeted with a live map with pins. Signing up for an account allows users to pin their favorite parrillas.
            </p>
          </div>
          <div
            class="btn"
          >
            <button>
              React
            </button>
          </div>
          <div
            class="btn"
          >
            <button>
              Redux
            </button>
          </div>
          <div
            class="btn"
          >
            <button>
              Sass
            </button>
          </div>
          <div
            class="btn"
          >
            <button>
              Express
            </button>
          </div>
          <div
            class="btn"
          >
            <button>
              JWT
            </button>
          </div>
          <div
            class="btn"
          >
            <button>
              MapboxGL API
            </button>
          </div>
          <div
            class="btn"
          >
            <button>
              MongoDB
            </button>
          </div>
          <div
            class="btn"
          >
            <button>
              Netlify
            </button>
          </div>
          <div
            class="card-footer"
          >
            <a
              href="https://asador.netlify.app"
              rel="noreferrer noopener"
              target="_blank"
            >
              Live Site
            </a>
            <a
              href="https://github.com/danveb/asador.ly"
              rel="noreferrer noopener"
              target="_blank"
            >
              GitHub Repo
            </a>
          </div>
        </div>
      </div>
      <div
        class="card-container"
      >
        <div
          class="image-container"
        >
          <img
            alt="portfolio project showcase"
            src="ioniq5.png"
          />
        </div>
        <div
          class="card-content"
        >
          <div
            class="card-title"
          >
            <h1>
              ioniq5 Lookup
            </h1>
          </div>
          <div
            class="card-body"
          >
            <p>
              App designed for users who want to search deliveries of 2022 Hyundai IONIQ 5 to local dealerships. User can fill in the zipcode and radius. Data is fetched from Hyundai's API and key details are displayed on a table.
            </p>
          </div>
          <div
            class="btn"
          >
            <button>
              React
            </button>
          </div>
          <div
            class="btn"
          >
            <button>
              Sass
            </button>
          </div>
          <div
            class="btn"
          >
            <button>
              MUI
            </button>
          </div>
          <div
            class="btn"
          >
            <button>
              Express
            </button>
          </div>
          <div
            class="btn"
          >
            <button>
              Hyundai USA API
            </button>
          </div>
          <div
            class="btn"
          >
            <button>
              Netlify
            </button>
          </div>
          <div
            class="card-footer"
          >
            <a
              href="https://ioniq5-lookup.netlify.app/"
              rel="noreferrer noopener"
              target="_blank"
            >
              Live Site
            </a>
            <a
              href="https://github.com/danveb/ioniq5"
              rel="noreferrer noopener"
              target="_blank"
            >
              GitHub Repo
            </a>
          </div>
        </div>
      </div>
      <div
        class="card-container"
      >
        <div
          class="image-container"
        >
          <img
            alt="portfolio project showcase"
            src="sailmasterII.png"
          />
        </div>
        <div
          class="card-content"
        >
          <div
            class="card-title"
          >
            <h1>
              Sail Master II
            </h1>
          </div>
          <div
            class="card-body"
          >
            <p>
              Sail-Master II is an app for sailors and water sportsâ€™ enthusiasts that have a common goal to share the joy in sailing. This app lets users know if sailing conditions based on current wind parameters are appropriate to enjoy a day out on the water.
            </p>
          </div>
          <div
            class="btn"
          >
            <button>
              React
            </button>
          </div>
          <div
            class="btn"
          >
            <button>
              Express
            </button>
          </div>
          <div
            class="btn"
          >
            <button>
              JWT
            </button>
          </div>
          <div
            class="btn"
          >
            <button>
              Weather API
            </button>
          </div>
          <div
            class="btn"
          >
            <button>
              PostgreSQL
            </button>
          </div>
          <div
            class="btn"
          >
            <button>
              Surge
            </button>
          </div>
          <div
            class="card-footer"
          >
            <a
              href="https://lighthouse-sailor.surge.sh/"
              rel="noreferrer noopener"
              target="_blank"
            >
              Live Site
            </a>
            <a
              href="https://github.com/danveb/sail-master-II"
              rel="noreferrer noopener"
              target="_blank"
            >
              GitHub Repo
            </a>
          </div>
        </div>
      </div>
      <div
        class="card-container"
      >
        <div
          class="image-container"
        >
          <img
            alt="portfolio project showcase"
            src="laptop1.png"
          />
        </div>
        <div
          class="card-content"
        >
          <div
            class="card-title"
          >
            <h1>
              Check my GitHub
            </h1>
          </div>
          <div
            class="card-body"
          >
            <p>
              Check my GitHub link to view more projects where I continue to build user-focused apps. Follow the link below!
            </p>
          </div>
          <div
            class="card-footer"
          >
            <a
              href=""
              rel="noreferrer noopener"
              target="_blank"
            />
            <a
              href="https://github.com/danveb"
              rel="noreferrer noopener"
              target="_blank"
            >
              GitHub Repo
            </a>
          </div>
        </div>
      </div>
    </div>
  </div>
</DocumentFragment>
`;
